{
  "resourceType": "Bundle",
  "type": "batch",
  "timestamp": "2016-03-09T07:04:05+08:00",
  "identifier": {
    "value": "TC09SAPartAIG030101AA"
  },
  "_meta": {
    "extension": [
      {
        "url": "http://hl7.org/fhir/StructureDefinition/originalText",
        "valueString": "Disclaimer: The resource is generated based on Microsoft FHIR-Converter v3.5.1. Real world HL7 messages vary in richness and level of conformance with the spec. The output of converter depends on the templates as well as the quality and richness of input messages. Therefore, it is important that you review and validate the Converter output before using those in production."
      }
    ]
  },
  "entry": [
    {
      "fullUrl": "urn:uuid:6eda7d2f-32f8-a6c7-5125-d59f65a25c97",
      "resource": {
        "resourceType": "MessageHeader",
        "id": "6eda7d2f-32f8-a6c7-5125-d59f65a25c97",
        "source": {
          "name": "MDHHSDataHub"
        },
        "destination": [
          {
            "name": "LAN"
          }
        ],
        "meta": {
          "tag": [
            {
              "code": "T",
              "system": "http://terminology.hl7.org/CodeSystem/v2-0103"
            }
          ]
        },
        "eventCoding": {
          "code": "O21",
          "system": "http://terminology.hl7.org/CodeSystem/v2-0003"
        }
      },
      "request": {
        "method": "PUT",
        "url": "MessageHeader/6eda7d2f-32f8-a6c7-5125-d59f65a25c97"
      }
    },
    {
      "fullUrl": "urn:uuid:97997f4d-5259-b974-5a44-1b7450c2f4ab",
      "resource": {
        "resourceType": "Patient",
        "id": "97997f4d-5259-b974-5a44-1b7450c2f4ab",
        "identifier": [
          {
            "value": "MRNTC09SA-Part A"
          }
        ],
        "name": [
          {
            "family": "Shine",
            "given": [
              "Baby Girl"
            ],
            "use": "official"
          }
        ],
        "birthDate": "2016-03-08",
        "gender": "female",
        "address": [
          {
            "line": [
              "123 Main Street",
              "Apartment 3-C"
            ],
            "city": "Oldtown",
            "state": "MI",
            "postalCode": "48917",
            "country": "USA",
            "use": "home"
          }
        ],
        "telecom": [
          {
            "use": "home"
          },
          {
            "use": "work"
          }
        ],
        "deceasedBoolean": "false",
        "contact": [
          {
            "name": {
              "family": "Shine",
              "given": [
                "Sarah"
              ]
            },
            "address": {
              "line": [
                "123 Main Street",
                "Apartment 3-C"
              ],
              "city": "Oldtown",
              "state": "MI",
              "postalCode": "48917",
              "country": "USA"
            },
            "relationship": [
              {
                "coding": [
                  {
                    "code": "E",
                    "display": "Employer",
                    "system": "http://terminology.hl7.org/CodeSystem/v2-0131"
                  }
                ]
              }
            ]
          }
        ]
      },
      "request": {
        "method": "PUT",
        "url": "Patient/97997f4d-5259-b974-5a44-1b7450c2f4ab"
      }
    },
    {
      "fullUrl": "urn:uuid:",
      "resource": {
        "resourceType": "Practitioner"
      },
      "request": {
        "method": "PUT",
        "url": "Practitioner/"
      }
    },
    {
      "fullUrl": "urn:uuid:",
      "resource": {
        "resourceType": "Location"
      },
      "request": {
        "method": "PUT",
        "url": "Location/"
      }
    },
    {
      "fullUrl": "urn:uuid:7bed24f6-d6fa-1218-ced1-b5d66ac0f024",
      "resource": {
        "resourceType": "Provenance",
        "id": "7bed24f6-d6fa-1218-ced1-b5d66ac0f024",
        "recorded": "2016-03-09T07:04:05+08:00"
      },
      "request": {
        "method": "PUT",
        "url": "Provenance/7bed24f6-d6fa-1218-ced1-b5d66ac0f024"
      }
    },
    {
      "fullUrl": "urn:uuid:d26a5004-0934-26f5-0201-4e302d6163c4",
      "resource": {
        "resourceType": "Account",
        "id": "d26a5004-0934-26f5-0201-4e302d6163c4",
        "subject": [
          {
            "reference": "Patient/97997f4d-5259-b974-5a44-1b7450c2f4ab"
          }
        ]
      },
      "request": {
        "method": "PUT",
        "url": "Account/d26a5004-0934-26f5-0201-4e302d6163c4"
      }
    },
    {
      "fullUrl": "urn:uuid:",
      "resource": {
        "resourceType": "Encounter",
        "status": "unknown",
        "subject": {
          "reference": "Patient/97997f4d-5259-b974-5a44-1b7450c2f4ab"
        }
      },
      "request": {
        "method": "PUT",
        "url": "Encounter/"
      }
    },
    {
      "fullUrl": "urn:uuid:",
      "resource": {
        "resourceType": "Organization"
      },
      "request": {
        "method": "PUT",
        "url": "Organization/"
      }
    },
    {
      "fullUrl": "urn:uuid:39780c38-eef5-37af-195d-4a60184c0354",
      "resource": {
        "resourceType": "RelatedPerson",
        "id": "39780c38-eef5-37af-195d-4a60184c0354",
        "relationship": [
          {
            "coding": [
              {
                "code": "MTH",
                "display": "mother",
                "system": "http://terminology.hl7.org/CodeSystem/v3-RoleCode"
              }
            ]
          },
          {
            "coding": [
              {
                "code": "E",
                "display": "Employer",
                "system": "http://terminology.hl7.org/CodeSystem/v2-0131"
              }
            ]
          }
        ],
        "address": [
          {
            "line": [
              "123 Main Street",
              "Apartment 3-C"
            ],
            "city": "Oldtown",
            "state": "MI",
            "postalCode": "48917",
            "country": "USA"
          }
        ],
        "name": [
          {
            "family": "Shine",
            "given": [
              "Sarah"
            ]
          }
        ],
        "patient": {
          "reference": "Patient/97997f4d-5259-b974-5a44-1b7450c2f4ab"
        }
      },
      "request": {
        "method": "PUT",
        "url": "RelatedPerson/39780c38-eef5-37af-195d-4a60184c0354"
      }
    }
  ]
}